# Testing /it/ values is a bit strange, but might still be useful in some
# corner cases
min(it):      0       :  0         # exact
avg(it):      0       :  75        # exact
max(it):      0       :  150       # exact
std(it):      1.0e-1  :  55.9      # sqrt(3125)

min(t):       1.0e-3  :  0.000
avg(t):       1.0e-3  :  0.715
max(t):       1.0e-3  :  1.480
std(t):       1.0e-4  :  0.5527

min(dt):      1.0e-5  :  0.00863
avg(dt):      1.0e-5  :  0.00975
max(dt):      1.0e-5  :  0.01100
std(dt):      1.0e-6  :  0.000914

min(urms):    1.0e-4  :  0.2600
avg(urms):    1.0e-4  :  0.4663
max(urms):    1.0e-4  :  0.7071
std(urms):    1.0e-4  :  0.1883

min(rhom):    1.0e-3  :  1.000
avg(rhom):    1.0e-3  :  1.000
max(rhom):    1.0e-3  :  1.000
std(rhom):    1.0e-10 :  0.000

min(ecrm):    1.0e-3  :  1.000
avg(ecrm):    1.0e-3  :  1.034
max(ecrm):    1.0e-3  :  1.059
std(ecrm):    1.0e-5  :  0.02526

min(ecrmax):  1.0e-3  :  1.000
avg(ecrmax):  1.0e-3  :  1.814
max(ecrmax):  1.0e-3  :  2.492
std(ecrmax):  1.0e-4  :  0.5330
