#---it--------t-----------dt---------rhom--------gamm-------gamrms------gammax-------gam2m-------gam2min------u2max----
      0   0.0000E+00  6.4253E-04  1.0000E+00 1.00000E+00 1.00000E+00 1.00000E+00  1.00000E+00  1.00000E+00 0.00000E+00
     10   6.4251E-03  6.4249E-04  1.0000E+00 1.01149E+00 1.01153E+00 1.08428E+00  1.02320E+00  1.00000E+00 1.49414E-01
     20   1.2850E-02  6.4248E-04  1.0000E+00 1.02197E+00 1.02213E+00 1.17973E+00  1.04475E+00  1.00001E+00 2.81486E-01
     30   1.9275E-02  6.4247E-04  1.0000E+00 1.03205E+00 1.03238E+00 1.24452E+00  1.06581E+00  1.00000E+00 3.54350E-01
     40   2.5699E-02  6.4246E-04  1.0000E+00 1.04205E+00 1.04273E+00 1.47007E+00  1.08728E+00  1.00001E+00 5.37276E-01
     50   3.2124E-02  6.4245E-04  1.0000E+00 1.05190E+00 1.05298E+00 1.98109E+00  1.10876E+00  1.00002E+00 7.45206E-01
     60   3.8548E-02  6.4244E-04  1.0000E+00 1.05936E+00 1.06084E+00 1.88929E+00  1.12538E+00  1.00002E+00 7.19843E-01
     70   4.4973E-02  6.4244E-04  1.0000E+00 1.06207E+00 1.06371E+00 1.73755E+00  1.13148E+00  1.00004E+00 6.68771E-01
     80   5.1397E-02  6.4243E-04  1.0000E+00 1.06347E+00 1.06517E+00 1.78790E+00  1.13459E+00  1.00001E+00 6.87165E-01
     90   5.7821E-02  6.4242E-04  1.0000E+00 1.06769E+00 1.06986E+00 2.35822E+00  1.14459E+00  1.00005E+00 8.20183E-01
    100   6.4245E-02  6.4241E-04  1.0000E+00 1.07589E+00 1.07850E+00 2.25399E+00  1.16316E+00  1.00003E+00 8.03168E-01
    110   7.0670E-02  6.4241E-04  1.0000E+00 1.08253E+00 1.08610E+00 4.76881E+00  1.17961E+00  1.00001E+00 9.56028E-01
    120   7.7094E-02  6.4241E-04  1.0000E+00 1.08711E+00 1.11967E+00 2.23663E+01  1.25365E+00  1.00003E+00 9.98001E-01
    130   8.3518E-02  6.4239E-04  1.0000E+00 1.09359E+00 1.12091E+00 2.23663E+01  1.25643E+00  1.00001E+00 9.98001E-01
    140   8.9942E-02  6.4239E-04  1.0000E+00 1.10837E+00 1.18471E+00 2.23663E+01  1.40353E+00  1.00003E+00 9.98001E-01
    150   9.6366E-02  6.4240E-04  1.0000E+00 1.12185E+00 1.19762E+00 2.23663E+01  1.43429E+00  1.00004E+00 9.98001E-01
    160   1.0279E-01  6.4240E-04  1.0000E+00 1.12625E+00 1.22631E+00 2.23663E+01  1.50384E+00  1.00002E+00 9.98001E-01
    170   1.0921E-01  6.4240E-04  1.0000E+00 1.11779E+00 1.16108E+00 2.23663E+01  1.34811E+00  1.00003E+00 9.98001E-01
    180   1.1564E-01  6.4239E-04  1.0000E+00 1.13229E+00 1.24549E+00 2.23663E+01  1.55124E+00  1.00003E+00 9.98001E-01
    190   1.2206E-01  6.4239E-04  1.0000E+00 1.13376E+00 1.21970E+00 2.23663E+01  1.48767E+00  1.00006E+00 9.98001E-01
