#---it-------t--------dt------urms-------umax-------ourms-------oum------pdivum---rugpotselfm----epsK------rhomax------rhom-------rho2m-----totmass--gpotself2m----ekin-------ethm--------orms-------omax-----divu2m------q2m-------quxom----qsglnrhom-
      0    0.00000 5.6E-03     0.5104     1.5028  1.132E+00 -7.646E-04 -2.478E-04  6.867E-05  6.558E+00     2.7154     2.5564     6.5410     5.0729     0.0002     0.3331     4.3035 3.83945E+00 1.101E+01 3.737E+02  2.799E+05  1.839E+00 -6.212E-01
     10    0.06177 6.3E-03     0.2599     0.8392  1.191E-01 -6.735E-05  2.002E+00 -5.010E-03  1.417E+00     4.5860     2.5534     6.7434     5.0670     0.0006     0.0890     4.3747 8.46658E-01 3.496E+00 8.240E+01  2.520E+04 -4.443E+00 -9.047E+01
     20    0.12533 6.6E-03     0.1899     0.5696  4.097E-02 -5.261E-05  2.051E-01 -6.821E-04  6.008E-01     4.8921     2.5498     6.6502     5.0598     0.0003     0.0474     4.3369 3.89211E-01 1.600E+00 3.423E+01  3.471E+03 -1.482E-02 -3.437E+01
     30    0.19287 7.0E-03     0.1641     0.4866  2.258E-02 -1.950E-05  1.312E-01 -6.886E-04  3.597E-01     4.0787     2.5483     6.5790     5.0569     0.0002     0.0351     4.3097 2.40540E-01 8.268E-01 2.073E+01  7.085E+02  2.218E-02 -1.086E+01
     40    0.26251 7.0E-03     0.1370     0.3996  1.283E-02 -1.660E-05  1.545E-01 -1.207E-04  2.208E-01     3.6775     2.5476     6.5487     5.0554     0.0001     0.0243     4.2980 1.67964E-01 5.529E-01 1.277E+01  2.054E+02  4.384E-03 -3.738E+00
     50    0.33323 7.3E-03     0.1143     0.3161  7.963E-03 -1.250E-05  8.672E-02  4.275E-04  1.387E-01     3.5058     2.5472     6.5321     5.0547     0.0002     0.0169     4.2916 1.27231E-01 4.643E-01 8.033E+00  7.150E+01  1.278E-03 -1.036E+00
     60    0.40686 7.4E-03     0.0962     0.3289  5.651E-03 -4.249E-06  7.126E-02  3.399E-04  8.901E-02     3.5350     2.5470     6.5217     5.0543     0.0002     0.0119     4.2876 1.01134E-01 3.361E-01 5.189E+00  2.851E+01  5.654E-04 -4.034E-01
     70    0.48116 7.6E-03     0.0772     0.2115  3.553E-03  2.553E-06  1.719E-02 -4.091E-05  5.622E-02     3.3429     2.5469     6.5169     5.0540     0.0003     0.0076     4.2858 8.32394E-02 2.439E-01 3.278E+00  1.244E+01  2.056E-04 -2.001E-01
     80    0.55692 7.6E-03     0.0728     0.2003  2.936E-03  6.306E-06  5.209E-03 -6.379E-04  4.237E-02     3.0670     2.5468     6.5077     5.0539     0.0002     0.0068     4.2823 7.04174E-02 2.153E-01 2.478E+00  6.053E+00  1.671E-04  5.703E-03
     90    0.63319 7.7E-03     0.0730     0.1826  2.603E-03  8.859E-06  4.486E-03 -5.084E-04  3.443E-02     2.9855     2.5468     6.4994     5.0538     0.0001     0.0068     4.2793 6.05769E-02 1.955E-01 2.018E+00  3.203E+00 -1.247E-05  8.750E-03
    100    0.70974 7.7E-03     0.0653     0.1723  1.970E-03  1.035E-05  3.357E-02 -1.936E-04  2.324E-02     2.9844     2.5467     6.4974     5.0537     0.0000     0.0054     4.2785 5.32211E-02 1.639E-01 1.361E+00  1.813E+00  5.691E-05  1.496E-02
    110    0.78657 7.6E-03     0.0599     0.1963  1.657E-03  1.082E-05 -1.861E-02  5.466E-04  1.805E-02     2.9728     2.5467     6.4951     5.0537     0.0001     0.0046     4.2777 4.73654E-02 1.537E-01 1.056E+00  1.137E+00  4.485E-05  7.271E-03
    120    0.86337 7.7E-03     0.0503     0.1635  1.230E-03  1.084E-05  9.092E-03  4.720E-04  1.409E-02     3.0258     2.5467     6.4958     5.0537     0.0002     0.0032     4.2779 4.25736E-02 1.449E-01 8.242E-01  7.276E-01  2.426E-05  8.318E-03
    130    0.94109 7.8E-03     0.0394     0.1133  9.077E-04  1.044E-05  9.491E-03  2.799E-06  8.611E-03     2.9360     2.5467     6.4967     5.0537     0.0002     0.0020     4.2782 3.84708E-02 1.246E-01 5.029E-01  4.915E-01 -2.223E-05 -1.369E-03
    140    1.01915 7.8E-03     0.0413     0.1159  8.255E-04  1.008E-05 -7.743E-03 -3.848E-04  8.304E-03     2.8829     2.5467     6.4940     5.0536     0.0002     0.0022     4.2772 3.50668E-02 1.162E-01 4.868E-01  3.513E-01  2.112E-05  2.857E-03
    150    1.09751 7.8E-03     0.0470     0.1133  8.878E-04  9.699E-06  2.312E-02 -5.791E-04  7.859E-03     2.8431     2.5467     6.4907     5.0536     0.0001     0.0028     4.2760 3.21770E-02 1.112E-01 4.620E-01  2.580E-01 -1.046E-05  1.192E-03
    160    1.17619 7.9E-03     0.0447     0.1043  7.734E-04  9.363E-06  3.473E-03 -1.045E-04  4.807E-03     2.7821     2.5467     6.4900     5.0536     0.0000     0.0025     4.2757 2.95980E-02 9.689E-02 2.816E-01  1.974E-01 -3.448E-05  1.091E-03
    170    1.25501 7.9E-03     0.0437     0.1090  6.895E-04  8.978E-06 -4.950E-03  3.614E-04  4.837E-03     2.8146     2.5467     6.4892     5.0536     0.0000     0.0024     4.2755 2.73990E-02 8.775E-02 2.840E-01  1.542E-01  2.714E-06  1.717E-03
    180    1.33391 7.9E-03     0.0351     0.0897  4.932E-04  8.518E-06 -5.965E-03  5.074E-04  3.701E-03     2.7500     2.5467     6.4908     5.0536     0.0001     0.0016     4.2760 2.55254E-02 8.415E-02 2.169E-01  1.242E-01  7.222E-06  1.036E-03
    190    1.41327 7.9E-03     0.0253     0.0634  3.350E-04  8.072E-06 -6.594E-04  1.063E-04  2.543E-03     2.8025     2.5467     6.4922     5.0536     0.0002     0.0008     4.2766 2.38571E-02 8.125E-02 1.491E-01  1.016E-01  3.462E-06  7.705E-04
