#--it-------t---------dt-------dtc-------dtu-------dtnu------umax------u2m-------urms---
     0   0.00E+00  3.33E-01  0.00E+00  0.00E+00  1.00E+00  0.00E+00  0.00E+00  0.00E+00
    10   3.33E+00  3.33E-01  0.00E+00  4.99E-08  1.00E+00  2.70E-06  3.95E-14  1.99E-07
    20   6.67E+00  3.33E-01  0.00E+00  1.40E-07  1.00E+00  7.55E-06  3.64E-13  6.03E-07
    30   1.00E+01  3.33E-01  0.00E+00  2.49E-07  1.00E+00  1.34E-05  1.30E-12  1.14E-06
    40   1.33E+01  3.33E-01  0.00E+00  3.59E-07  1.00E+00  1.94E-05  3.00E-12  1.73E-06
    50   1.67E+01  3.33E-01  0.00E+00  4.19E-07  1.00E+00  2.26E-05  4.63E-12  2.15E-06
    60   2.00E+01  3.33E-01  0.00E+00  4.59E-07  1.00E+00  2.48E-05  6.08E-12  2.47E-06
    70   2.33E+01  3.33E-01  0.00E+00  4.90E-07  1.00E+00  2.64E-05  7.40E-12  2.72E-06
    80   2.67E+01  3.33E-01  0.00E+00  5.14E-07  1.00E+00  2.78E-05  8.62E-12  2.94E-06
    90   3.00E+01  3.33E-01  0.00E+00  5.33E-07  1.00E+00  2.88E-05  9.75E-12  3.12E-06
   100   3.33E+01  3.33E-01  0.00E+00  5.50E-07  1.00E+00  2.97E-05  1.08E-11  3.28E-06
   110   3.67E+01  3.33E-01  0.00E+00  5.62E-07  1.00E+00  3.03E-05  1.18E-11  3.43E-06
   120   4.00E+01  3.33E-01  0.00E+00  5.73E-07  1.00E+00  3.09E-05  1.26E-11  3.56E-06
   130   4.33E+01  3.33E-01  0.00E+00  5.82E-07  1.00E+00  3.14E-05  1.35E-11  3.67E-06
   140   4.67E+01  3.33E-01  0.00E+00  5.89E-07  1.00E+00  3.18E-05  1.42E-11  3.77E-06
   150   5.00E+01  3.33E-01  0.00E+00  5.97E-07  1.00E+00  3.22E-05  1.49E-11  3.87E-06
   160   5.33E+01  3.33E-01  0.00E+00  6.02E-07  1.00E+00  3.25E-05  1.56E-11  3.95E-06
   170   5.67E+01  3.33E-01  0.00E+00  6.08E-07  1.00E+00  3.28E-05  1.62E-11  4.03E-06
   180   6.00E+01  3.33E-01  0.00E+00  6.13E-07  1.00E+00  3.31E-05  1.68E-11  4.10E-06
   190   6.33E+01  3.33E-01  0.00E+00  6.18E-07  1.00E+00  3.34E-05  1.73E-11  4.16E-06
   200   6.67E+01  3.33E-01  0.00E+00  6.22E-07  1.00E+00  3.36E-05  1.78E-11  4.22E-06
   210   7.00E+01  3.33E-01  0.00E+00  6.26E-07  1.00E+00  3.38E-05  1.83E-11  4.28E-06
   220   7.33E+01  3.33E-01  0.00E+00  6.29E-07  1.00E+00  3.40E-05  1.87E-11  4.33E-06
   230   7.67E+01  3.33E-01  0.00E+00  6.32E-07  1.00E+00  3.41E-05  1.91E-11  4.37E-06
   240   8.00E+01  3.33E-01  0.00E+00  6.35E-07  1.00E+00  3.43E-05  1.95E-11  4.42E-06
   250   8.33E+01  3.33E-01  0.00E+00  6.37E-07  1.00E+00  3.44E-05  1.99E-11  4.46E-06
   260   8.67E+01  3.33E-01  0.00E+00  6.39E-07  1.00E+00  3.45E-05  2.02E-11  4.50E-06
   270   9.00E+01  3.33E-01  0.00E+00  6.40E-07  1.00E+00  3.46E-05  2.05E-11  4.53E-06
   280   9.33E+01  3.33E-01  0.00E+00  6.40E-07  1.00E+00  3.46E-05  2.08E-11  4.57E-06
   290   9.67E+01  3.33E-01  0.00E+00  6.42E-07  1.00E+00  3.46E-05  2.12E-11  4.60E-06
   300   1.00E+02  3.33E-01  0.00E+00  6.45E-07  1.00E+00  3.48E-05  2.18E-11  4.67E-06
   310   1.03E+02  3.33E-01  0.00E+00  6.49E-07  1.00E+00  3.51E-05  2.27E-11  4.76E-06
   320   1.07E+02  3.33E-01  0.00E+00  6.54E-07  1.00E+00  3.53E-05  2.36E-11  4.85E-06
   330   1.10E+02  3.33E-01  0.00E+00  6.59E-07  1.00E+00  3.56E-05  2.44E-11  4.94E-06
   340   1.13E+02  3.33E-01  0.00E+00  6.63E-07  1.00E+00  3.58E-05  2.52E-11  5.02E-06
   350   1.17E+02  3.33E-01  0.00E+00  6.67E-07  1.00E+00  3.60E-05  2.60E-11  5.10E-06
   360   1.20E+02  3.33E-01  0.00E+00  6.70E-07  1.00E+00  3.62E-05  2.67E-11  5.17E-06
   370   1.23E+02  3.33E-01  0.00E+00  6.71E-07  1.00E+00  3.62E-05  2.74E-11  5.24E-06
   380   1.27E+02  3.33E-01  0.00E+00  6.68E-07  1.00E+00  3.60E-05  2.80E-11  5.29E-06
   390   1.30E+02  3.33E-01  0.00E+00  6.63E-07  1.00E+00  3.58E-05  2.86E-11  5.35E-06
   400   1.33E+02  3.33E-01  0.00E+00  6.55E-07  1.00E+00  3.54E-05  2.91E-11  5.39E-06
   410   1.37E+02  3.33E-01  0.00E+00  6.50E-07  1.00E+00  3.51E-05  2.96E-11  5.44E-06
   420   1.40E+02  3.33E-01  0.00E+00  6.42E-07  1.00E+00  3.47E-05  3.00E-11  5.48E-06
   430   1.43E+02  3.33E-01  0.00E+00  6.34E-07  1.00E+00  3.43E-05  3.04E-11  5.51E-06
   440   1.47E+02  3.33E-01  0.00E+00  6.30E-07  1.00E+00  3.40E-05  3.07E-11  5.54E-06
   450   1.50E+02  3.33E-01  0.00E+00  6.23E-07  1.00E+00  3.37E-05  3.11E-11  5.57E-06
   460   1.53E+02  3.33E-01  0.00E+00  6.17E-07  1.00E+00  3.33E-05  3.13E-11  5.60E-06
   470   1.57E+02  3.33E-01  0.00E+00  6.15E-07  1.00E+00  3.32E-05  3.16E-11  5.62E-06
   480   1.60E+02  3.33E-01  0.00E+00  6.10E-07  1.00E+00  3.29E-05  3.18E-11  5.64E-06
   490   1.63E+02  3.33E-01  0.00E+00  6.05E-07  1.00E+00  3.27E-05  3.20E-11  5.66E-06
   500   1.67E+02  3.33E-01  0.00E+00  6.04E-07  1.00E+00  3.26E-05  3.22E-11  5.68E-06
   510   1.70E+02  3.33E-01  0.00E+00  6.00E-07  1.00E+00  3.24E-05  3.24E-11  5.69E-06
   520   1.73E+02  3.33E-01  0.00E+00  5.96E-07  1.00E+00  3.22E-05  3.25E-11  5.70E-06
   530   1.77E+02  3.33E-01  0.00E+00  5.96E-07  1.00E+00  3.22E-05  3.26E-11  5.71E-06
   540   1.80E+02  3.33E-01  0.00E+00  5.93E-07  1.00E+00  3.20E-05  3.27E-11  5.72E-06
   550   1.83E+02  3.33E-01  0.00E+00  5.98E-07  1.00E+00  3.23E-05  3.31E-11  5.75E-06
   560   1.87E+02  3.33E-01  0.00E+00  6.06E-07  1.00E+00  3.27E-05  3.36E-11  5.80E-06
   570   1.90E+02  3.33E-01  0.00E+00  6.14E-07  1.00E+00  3.31E-05  3.42E-11  5.85E-06
   580   1.93E+02  3.33E-01  0.00E+00  6.21E-07  1.00E+00  3.35E-05  3.49E-11  5.90E-06
   590   1.97E+02  3.33E-01  0.00E+00  6.27E-07  1.00E+00  3.39E-05  3.56E-11  5.96E-06
   600   2.00E+02  3.33E-01  0.00E+00  6.34E-07  1.00E+00  3.42E-05  3.63E-11  6.02E-06
   610   2.03E+02  3.33E-01  0.00E+00  6.41E-07  1.00E+00  3.46E-05  3.70E-11  6.08E-06
   620   2.07E+02  3.33E-01  0.00E+00  6.46E-07  1.00E+00  3.49E-05  3.78E-11  6.14E-06
   630   2.10E+02  3.33E-01  0.00E+00  6.52E-07  1.00E+00  3.52E-05  3.85E-11  6.21E-06
   640   2.13E+02  3.33E-01  0.00E+00  6.57E-07  1.00E+00  3.55E-05  3.93E-11  6.27E-06
   650   2.17E+02  3.33E-01  0.00E+00  6.62E-07  1.00E+00  3.57E-05  4.00E-11  6.33E-06
   660   2.20E+02  3.33E-01  0.00E+00  6.67E-07  1.00E+00  3.60E-05  4.08E-11  6.38E-06
   670   2.23E+02  3.33E-01  0.00E+00  6.71E-07  1.00E+00  3.62E-05  4.15E-11  6.44E-06
   680   2.27E+02  3.33E-01  0.00E+00  6.75E-07  1.00E+00  3.65E-05  4.22E-11  6.50E-06
   690   2.30E+02  3.33E-01  0.00E+00  6.79E-07  1.00E+00  3.67E-05  4.30E-11  6.55E-06
   700   2.33E+02  3.33E-01  0.00E+00  6.83E-07  1.00E+00  3.69E-05  4.37E-11  6.61E-06
   710   2.37E+02  3.33E-01  0.00E+00  6.87E-07  1.00E+00  3.71E-05  4.44E-11  6.66E-06
   720   2.40E+02  3.33E-01  0.00E+00  6.90E-07  1.00E+00  3.73E-05  4.51E-11  6.72E-06
   730   2.43E+02  3.33E-01  0.00E+00  6.93E-07  1.00E+00  3.74E-05  4.58E-11  6.77E-06
   740   2.47E+02  3.33E-01  0.00E+00  6.97E-07  1.00E+00  3.76E-05  4.65E-11  6.82E-06
   750   2.50E+02  3.33E-01  0.00E+00  7.00E-07  1.00E+00  3.78E-05  4.72E-11  6.87E-06
   760   2.53E+02  3.33E-01  0.00E+00  7.02E-07  1.00E+00  3.79E-05  4.79E-11  6.92E-06
   770   2.57E+02  3.33E-01  0.00E+00  7.05E-07  1.00E+00  3.81E-05  4.86E-11  6.97E-06
   780   2.60E+02  3.33E-01  0.00E+00  7.08E-07  1.00E+00  3.82E-05  4.93E-11  7.02E-06
   790   2.63E+02  3.33E-01  0.00E+00  7.10E-07  1.00E+00  3.83E-05  4.99E-11  7.07E-06
   800   2.67E+02  3.33E-01  0.00E+00  7.12E-07  1.00E+00  3.85E-05  5.06E-11  7.11E-06
   810   2.70E+02  3.33E-01  0.00E+00  7.15E-07  1.00E+00  3.86E-05  5.11E-11  7.15E-06
   820   2.73E+02  3.33E-01  0.00E+00  7.17E-07  1.00E+00  3.87E-05  5.15E-11  7.18E-06
   830   2.77E+02  3.33E-01  0.00E+00  7.19E-07  1.00E+00  3.88E-05  5.18E-11  7.20E-06
   840   2.80E+02  3.33E-01  0.00E+00  7.21E-07  1.00E+00  3.89E-05  5.20E-11  7.21E-06
   850   2.83E+02  3.33E-01  0.00E+00  7.23E-07  1.00E+00  3.90E-05  5.22E-11  7.22E-06
   860   2.87E+02  3.33E-01  0.00E+00  7.22E-07  1.00E+00  3.90E-05  5.23E-11  7.23E-06
   870   2.90E+02  3.33E-01  0.00E+00  7.22E-07  1.00E+00  3.90E-05  5.24E-11  7.24E-06
   880   2.93E+02  3.33E-01  0.00E+00  7.18E-07  1.00E+00  3.88E-05  5.24E-11  7.24E-06
   890   2.97E+02  3.33E-01  0.00E+00  7.17E-07  1.00E+00  3.87E-05  5.24E-11  7.24E-06
   900   3.00E+02  3.33E-01  0.00E+00  7.15E-07  1.00E+00  3.86E-05  5.24E-11  7.24E-06
   910   3.03E+02  3.33E-01  0.00E+00  7.12E-07  1.00E+00  3.85E-05  5.23E-11  7.24E-06
   920   3.07E+02  3.33E-01  0.00E+00  7.12E-07  1.00E+00  3.84E-05  5.23E-11  7.23E-06
   930   3.10E+02  3.33E-01  0.00E+00  7.12E-07  1.00E+00  3.84E-05  5.23E-11  7.23E-06
   940   3.13E+02  3.33E-01  0.00E+00  7.11E-07  1.00E+00  3.84E-05  5.22E-11  7.22E-06
   950   3.17E+02  3.33E-01  0.00E+00  7.12E-07  1.00E+00  3.84E-05  5.21E-11  7.22E-06
   960   3.20E+02  3.33E-01  0.00E+00  7.12E-07  1.00E+00  3.85E-05  5.21E-11  7.22E-06
   970   3.23E+02  3.33E-01  0.00E+00  7.11E-07  1.00E+00  3.84E-05  5.20E-11  7.21E-06
   980   3.27E+02  3.33E-01  0.00E+00  7.11E-07  1.00E+00  3.84E-05  5.19E-11  7.20E-06
   990   3.30E+02  3.33E-01  0.00E+00  7.10E-07  1.00E+00  3.84E-05  5.18E-11  7.20E-06
  1000   3.33E+02  3.33E-01  0.00E+00  7.08E-07  1.00E+00  3.82E-05  5.17E-11  7.19E-06
  1010   3.37E+02  3.33E-01  0.00E+00  7.05E-07  1.00E+00  3.81E-05  5.15E-11  7.18E-06
  1020   3.40E+02  3.33E-01  0.00E+00  7.02E-07  1.00E+00  3.79E-05  5.14E-11  7.17E-06
  1030   3.43E+02  3.33E-01  0.00E+00  6.96E-07  1.00E+00  3.76E-05  5.12E-11  7.15E-06
  1040   3.47E+02  3.33E-01  0.00E+00  6.93E-07  1.00E+00  3.74E-05  5.10E-11  7.14E-06
  1050   3.50E+02  3.33E-01  0.00E+00  6.88E-07  1.00E+00  3.71E-05  5.08E-11  7.13E-06
  1060   3.53E+02  3.33E-01  0.00E+00  6.87E-07  1.00E+00  3.71E-05  5.10E-11  7.14E-06
  1070   3.57E+02  3.33E-01  0.00E+00  6.90E-07  1.00E+00  3.72E-05  5.14E-11  7.17E-06
  1080   3.60E+02  3.33E-01  0.00E+00  6.93E-07  1.00E+00  3.74E-05  5.19E-11  7.21E-06
  1090   3.63E+02  3.33E-01  0.00E+00  6.97E-07  1.00E+00  3.76E-05  5.25E-11  7.25E-06
  1100   3.67E+02  3.33E-01  0.00E+00  7.00E-07  1.00E+00  3.78E-05  5.31E-11  7.29E-06
  1110   3.70E+02  3.33E-01  0.00E+00  7.04E-07  1.00E+00  3.80E-05  5.37E-11  7.33E-06
  1120   3.73E+02  3.33E-01  0.00E+00  7.07E-07  1.00E+00  3.82E-05  5.43E-11  7.37E-06
  1130   3.77E+02  3.33E-01  0.00E+00  7.08E-07  1.00E+00  3.82E-05  5.49E-11  7.41E-06
  1140   3.80E+02  3.33E-01  0.00E+00  7.07E-07  1.00E+00  3.82E-05  5.54E-11  7.44E-06
  1150   3.83E+02  3.33E-01  0.00E+00  7.02E-07  1.00E+00  3.79E-05  5.59E-11  7.48E-06
  1160   3.87E+02  3.33E-01  0.00E+00  6.97E-07  1.00E+00  3.77E-05  5.64E-11  7.51E-06
  1170   3.90E+02  3.33E-01  0.00E+00  6.91E-07  1.00E+00  3.73E-05  5.69E-11  7.54E-06
  1180   3.93E+02  3.33E-01  0.00E+00  6.83E-07  1.00E+00  3.69E-05  5.73E-11  7.57E-06
  1190   3.97E+02  3.33E-01  0.00E+00  6.78E-07  1.00E+00  3.66E-05  5.77E-11  7.60E-06
  1200   4.00E+02  3.33E-01  0.00E+00  6.72E-07  1.00E+00  3.63E-05  5.81E-11  7.63E-06
  1210   4.03E+02  3.33E-01  0.00E+00  6.65E-07  1.00E+00  3.59E-05  5.85E-11  7.65E-06
  1220   4.07E+02  3.33E-01  0.00E+00  6.62E-07  1.00E+00  3.57E-05  5.89E-11  7.67E-06
  1230   4.10E+02  3.33E-01  0.00E+00  6.57E-07  1.00E+00  3.55E-05  5.92E-11  7.69E-06
  1240   4.13E+02  3.33E-01  0.00E+00  6.51E-07  1.00E+00  3.52E-05  5.95E-11  7.71E-06
  1250   4.17E+02  3.33E-01  0.00E+00  6.49E-07  1.00E+00  3.50E-05  5.98E-11  7.73E-06
  1260   4.20E+02  3.33E-01  0.00E+00  6.45E-07  1.00E+00  3.48E-05  6.01E-11  7.75E-06
  1270   4.23E+02  3.33E-01  0.00E+00  6.40E-07  1.00E+00  3.46E-05  6.03E-11  7.76E-06
  1280   4.27E+02  3.33E-01  0.00E+00  6.38E-07  1.00E+00  3.45E-05  6.05E-11  7.78E-06
  1290   4.30E+02  3.33E-01  0.00E+00  6.35E-07  1.00E+00  3.43E-05  6.06E-11  7.79E-06
  1300   4.33E+02  3.33E-01  0.00E+00  6.30E-07  1.00E+00  3.40E-05  6.07E-11  7.79E-06
  1310   4.37E+02  3.33E-01  0.00E+00  6.34E-07  1.00E+00  3.43E-05  6.10E-11  7.81E-06
  1320   4.40E+02  3.33E-01  0.00E+00  6.40E-07  1.00E+00  3.46E-05  6.15E-11  7.84E-06
  1330   4.43E+02  3.33E-01  0.00E+00  6.48E-07  1.00E+00  3.50E-05  6.21E-11  7.88E-06
  1340   4.47E+02  3.33E-01  0.00E+00  6.54E-07  1.00E+00  3.53E-05  6.27E-11  7.92E-06
  1350   4.50E+02  3.33E-01  0.00E+00  6.61E-07  1.00E+00  3.57E-05  6.33E-11  7.96E-06
  1360   4.53E+02  3.33E-01  0.00E+00  6.66E-07  1.00E+00  3.60E-05  6.40E-11  8.00E-06
  1370   4.57E+02  3.33E-01  0.00E+00  6.72E-07  1.00E+00  3.63E-05  6.47E-11  8.04E-06
  1380   4.60E+02  3.33E-01  0.00E+00  6.78E-07  1.00E+00  3.66E-05  6.54E-11  8.09E-06
  1390   4.63E+02  3.33E-01  0.00E+00  6.83E-07  1.00E+00  3.69E-05  6.61E-11  8.13E-06
  1400   4.67E+02  3.33E-01  0.00E+00  6.88E-07  1.00E+00  3.71E-05  6.68E-11  8.17E-06
  1410   4.70E+02  3.33E-01  0.00E+00  6.92E-07  1.00E+00  3.74E-05  6.75E-11  8.21E-06
  1420   4.73E+02  3.33E-01  0.00E+00  6.96E-07  1.00E+00  3.76E-05  6.82E-11  8.26E-06
  1430   4.77E+02  3.33E-01  0.00E+00  7.00E-07  1.00E+00  3.78E-05  6.88E-11  8.30E-06
  1440   4.80E+02  3.33E-01  0.00E+00  7.04E-07  1.00E+00  3.80E-05  6.95E-11  8.34E-06
  1450   4.83E+02  3.33E-01  0.00E+00  7.08E-07  1.00E+00  3.82E-05  7.02E-11  8.38E-06
  1460   4.87E+02  3.33E-01  0.00E+00  7.11E-07  1.00E+00  3.84E-05  7.08E-11  8.41E-06
  1470   4.90E+02  3.33E-01  0.00E+00  7.14E-07  1.00E+00  3.86E-05  7.14E-11  8.45E-06
  1480   4.93E+02  3.33E-01  0.00E+00  7.17E-07  1.00E+00  3.87E-05  7.21E-11  8.49E-06
  1490   4.97E+02  3.33E-01  0.00E+00  7.20E-07  1.00E+00  3.89E-05  7.27E-11  8.53E-06
  1500   5.00E+02  3.33E-01  0.00E+00  7.23E-07  1.00E+00  3.90E-05  7.33E-11  8.56E-06
  1510   5.03E+02  3.33E-01  0.00E+00  7.25E-07  1.00E+00  3.92E-05  7.39E-11  8.60E-06
  1520   5.07E+02  3.33E-01  0.00E+00  7.28E-07  1.00E+00  3.93E-05  7.45E-11  8.63E-06
  1530   5.10E+02  3.33E-01  0.00E+00  7.30E-07  1.00E+00  3.94E-05  7.51E-11  8.66E-06
  1540   5.13E+02  3.33E-01  0.00E+00  7.32E-07  1.00E+00  3.95E-05  7.57E-11  8.70E-06
  1550   5.17E+02  3.33E-01  0.00E+00  7.34E-07  1.00E+00  3.97E-05  7.62E-11  8.73E-06
  1560   5.20E+02  3.33E-01  0.00E+00  7.37E-07  1.00E+00  3.98E-05  7.68E-11  8.76E-06
  1570   5.23E+02  3.33E-01  0.00E+00  7.38E-07  1.00E+00  3.99E-05  7.72E-11  8.79E-06
  1580   5.27E+02  3.33E-01  0.00E+00  7.40E-07  1.00E+00  4.00E-05  7.76E-11  8.81E-06
  1590   5.30E+02  3.33E-01  0.00E+00  7.42E-07  1.00E+00  4.01E-05  7.78E-11  8.82E-06
  1600   5.33E+02  3.33E-01  0.00E+00  7.44E-07  1.00E+00  4.02E-05  7.79E-11  8.83E-06
  1610   5.37E+02  3.33E-01  0.00E+00  7.46E-07  1.00E+00  4.03E-05  7.80E-11  8.83E-06
  1620   5.40E+02  3.33E-01  0.00E+00  7.47E-07  1.00E+00  4.03E-05  7.80E-11  8.83E-06
  1630   5.43E+02  3.33E-01  0.00E+00  7.45E-07  1.00E+00  4.02E-05  7.80E-11  8.83E-06
  1640   5.47E+02  3.33E-01  0.00E+00  7.43E-07  1.00E+00  4.01E-05  7.80E-11  8.83E-06
  1650   5.50E+02  3.33E-01  0.00E+00  7.41E-07  1.00E+00  4.00E-05  7.78E-11  8.82E-06
  1660   5.53E+02  3.33E-01  0.00E+00  7.38E-07  1.00E+00  3.99E-05  7.77E-11  8.82E-06
  1670   5.57E+02  3.33E-01  0.00E+00  7.37E-07  1.00E+00  3.98E-05  7.76E-11  8.81E-06
  1680   5.60E+02  3.33E-01  0.00E+00  7.36E-07  1.00E+00  3.98E-05  7.74E-11  8.80E-06
  1690   5.63E+02  3.33E-01  0.00E+00  7.35E-07  1.00E+00  3.97E-05  7.72E-11  8.78E-06
  1700   5.67E+02  3.33E-01  0.00E+00  7.35E-07  1.00E+00  3.97E-05  7.70E-11  8.77E-06
  1710   5.70E+02  3.33E-01  0.00E+00  7.35E-07  1.00E+00  3.97E-05  7.67E-11  8.76E-06
  1720   5.73E+02  3.33E-01  0.00E+00  7.34E-07  1.00E+00  3.96E-05  7.65E-11  8.74E-06
  1730   5.77E+02  3.33E-01  0.00E+00  7.34E-07  1.00E+00  3.96E-05  7.62E-11  8.73E-06
  1740   5.80E+02  3.33E-01  0.00E+00  7.33E-07  1.00E+00  3.96E-05  7.59E-11  8.71E-06
  1750   5.83E+02  3.33E-01  0.00E+00  7.31E-07  1.00E+00  3.95E-05  7.56E-11  8.69E-06
  1760   5.87E+02  3.33E-01  0.00E+00  7.30E-07  1.00E+00  3.94E-05  7.52E-11  8.67E-06
  1770   5.90E+02  3.33E-01  0.00E+00  7.26E-07  1.00E+00  3.92E-05  7.49E-11  8.65E-06
  1780   5.93E+02  3.33E-01  0.00E+00  7.21E-07  1.00E+00  3.89E-05  7.45E-11  8.63E-06
  1790   5.97E+02  3.33E-01  0.00E+00  7.17E-07  1.00E+00  3.87E-05  7.41E-11  8.61E-06
  1800   6.00E+02  3.33E-01  0.00E+00  7.11E-07  1.00E+00  3.84E-05  7.36E-11  8.58E-06
  1810   6.03E+02  3.33E-01  0.00E+00  7.04E-07  1.00E+00  3.80E-05  7.31E-11  8.55E-06
  1820   6.07E+02  3.33E-01  0.00E+00  7.02E-07  1.00E+00  3.79E-05  7.29E-11  8.54E-06
  1830   6.10E+02  3.33E-01  0.00E+00  7.05E-07  1.00E+00  3.80E-05  7.31E-11  8.55E-06
  1840   6.13E+02  3.33E-01  0.00E+00  7.08E-07  1.00E+00  3.82E-05  7.34E-11  8.57E-06
  1850   6.17E+02  3.33E-01  0.00E+00  7.11E-07  1.00E+00  3.84E-05  7.38E-11  8.59E-06
  1860   6.20E+02  3.33E-01  0.00E+00  7.14E-07  1.00E+00  3.86E-05  7.41E-11  8.61E-06
  1870   6.23E+02  3.33E-01  0.00E+00  7.18E-07  1.00E+00  3.88E-05  7.45E-11  8.63E-06
  1880   6.27E+02  3.33E-01  0.00E+00  7.21E-07  1.00E+00  3.89E-05  7.50E-11  8.66E-06
  1890   6.30E+02  3.33E-01  0.00E+00  7.23E-07  1.00E+00  3.90E-05  7.54E-11  8.68E-06
  1900   6.33E+02  3.33E-01  0.00E+00  7.22E-07  1.00E+00  3.90E-05  7.58E-11  8.70E-06
  1910   6.37E+02  3.33E-01  0.00E+00  7.19E-07  1.00E+00  3.88E-05  7.61E-11  8.73E-06
  1920   6.40E+02  3.33E-01  0.00E+00  7.14E-07  1.00E+00  3.86E-05  7.65E-11  8.75E-06
  1930   6.43E+02  3.33E-01  0.00E+00  7.06E-07  1.00E+00  3.81E-05  7.69E-11  8.77E-06
  1940   6.47E+02  3.33E-01  0.00E+00  7.02E-07  1.00E+00  3.79E-05  7.72E-11  8.79E-06
  1950   6.50E+02  3.33E-01  0.00E+00  6.95E-07  1.00E+00  3.76E-05  7.75E-11  8.80E-06
  1960   6.53E+02  3.33E-01  0.00E+00  6.88E-07  1.00E+00  3.72E-05  7.78E-11  8.82E-06
  1970   6.57E+02  3.33E-01  0.00E+00  6.84E-07  1.00E+00  3.70E-05  7.81E-11  8.84E-06
  1980   6.60E+02  3.33E-01  0.00E+00  6.79E-07  1.00E+00  3.67E-05  7.84E-11  8.85E-06
  1990   6.63E+02  3.33E-01  0.00E+00  6.73E-07  1.00E+00  3.63E-05  7.86E-11  8.87E-06
  2000   6.67E+02  3.33E-01  0.00E+00  6.70E-07  1.00E+00  3.62E-05  7.89E-11  8.88E-06
  2010   6.70E+02  3.33E-01  0.00E+00  6.66E-07  1.00E+00  3.60E-05  7.91E-11  8.89E-06
  2020   6.73E+02  3.33E-01  0.00E+00  6.60E-07  1.00E+00  3.57E-05  7.92E-11  8.90E-06
  2030   6.77E+02  3.33E-01  0.00E+00  6.58E-07  1.00E+00  3.56E-05  7.94E-11  8.91E-06
  2040   6.80E+02  3.33E-01  0.00E+00  6.54E-07  1.00E+00  3.53E-05  7.95E-11  8.92E-06
  2050   6.83E+02  3.33E-01  0.00E+00  6.49E-07  1.00E+00  3.51E-05  7.96E-11  8.92E-06
  2060   6.87E+02  3.33E-01  0.00E+00  6.47E-07  1.00E+00  3.50E-05  7.96E-11  8.92E-06
  2070   6.90E+02  3.33E-01  0.00E+00  6.48E-07  1.00E+00  3.50E-05  7.97E-11  8.93E-06
  2080   6.93E+02  3.33E-01  0.00E+00  6.53E-07  1.00E+00  3.52E-05  8.00E-11  8.95E-06
  2090   6.97E+02  3.33E-01  0.00E+00  6.60E-07  1.00E+00  3.57E-05  8.05E-11  8.97E-06
  2100   7.00E+02  3.33E-01  0.00E+00  6.67E-07  1.00E+00  3.60E-05  8.10E-11  9.00E-06
  2110   7.03E+02  3.33E-01  0.00E+00  6.73E-07  1.00E+00  3.63E-05  8.16E-11  9.03E-06
  2120   7.07E+02  3.33E-01  0.00E+00  6.79E-07  1.00E+00  3.66E-05  8.21E-11  9.06E-06
  2130   7.10E+02  3.33E-01  0.00E+00  6.84E-07  1.00E+00  3.69E-05  8.27E-11  9.09E-06
  2140   7.13E+02  3.33E-01  0.00E+00  6.90E-07  1.00E+00  3.72E-05  8.33E-11  9.13E-06
  2150   7.17E+02  3.33E-01  0.00E+00  6.95E-07  1.00E+00  3.75E-05  8.39E-11  9.16E-06
  2160   7.20E+02  3.33E-01  0.00E+00  6.99E-07  1.00E+00  3.78E-05  8.45E-11  9.19E-06
  2170   7.23E+02  3.33E-01  0.00E+00  7.04E-07  1.00E+00  3.80E-05  8.50E-11  9.22E-06
  2180   7.27E+02  3.33E-01  0.00E+00  7.08E-07  1.00E+00  3.82E-05  8.56E-11  9.25E-06
  2190   7.30E+02  3.33E-01  0.00E+00  7.11E-07  1.00E+00  3.84E-05  8.62E-11  9.28E-06
  2200   7.33E+02  3.33E-01  0.00E+00  7.15E-07  1.00E+00  3.86E-05  8.67E-11  9.31E-06
  2210   7.37E+02  3.33E-01  0.00E+00  7.19E-07  1.00E+00  3.88E-05  8.73E-11  9.34E-06
  2220   7.40E+02  3.33E-01  0.00E+00  7.22E-07  1.00E+00  3.90E-05  8.78E-11  9.37E-06
  2230   7.43E+02  3.33E-01  0.00E+00  7.25E-07  1.00E+00  3.92E-05  8.84E-11  9.40E-06
  2240   7.47E+02  3.33E-01  0.00E+00  7.28E-07  1.00E+00  3.93E-05  8.89E-11  9.43E-06
  2250   7.50E+02  3.33E-01  0.00E+00  7.31E-07  1.00E+00  3.95E-05  8.94E-11  9.46E-06
  2260   7.53E+02  3.33E-01  0.00E+00  7.33E-07  1.00E+00  3.96E-05  8.99E-11  9.48E-06
  2270   7.57E+02  3.33E-01  0.00E+00  7.36E-07  1.00E+00  3.97E-05  9.04E-11  9.51E-06
  2280   7.60E+02  3.33E-01  0.00E+00  7.38E-07  1.00E+00  3.99E-05  9.09E-11  9.53E-06
  2290   7.63E+02  3.33E-01  0.00E+00  7.40E-07  1.00E+00  4.00E-05  9.14E-11  9.56E-06
  2300   7.67E+02  3.33E-01  0.00E+00  7.42E-07  1.00E+00  4.01E-05  9.19E-11  9.58E-06
  2310   7.70E+02  3.33E-01  0.00E+00  7.44E-07  1.00E+00  4.02E-05  9.23E-11  9.61E-06
  2320   7.73E+02  3.33E-01  0.00E+00  7.46E-07  1.00E+00  4.03E-05  9.28E-11  9.63E-06
  2330   7.77E+02  3.33E-01  0.00E+00  7.48E-07  1.00E+00  4.04E-05  9.32E-11  9.65E-06
  2340   7.80E+02  3.33E-01  0.00E+00  7.50E-07  1.00E+00  4.05E-05  9.34E-11  9.67E-06
  2350   7.83E+02  3.33E-01  0.00E+00  7.52E-07  1.00E+00  4.06E-05  9.36E-11  9.67E-06
  2360   7.87E+02  3.33E-01  0.00E+00  7.53E-07  1.00E+00  4.07E-05  9.36E-11  9.68E-06
  2370   7.90E+02  3.33E-01  0.00E+00  7.55E-07  1.00E+00  4.08E-05  9.36E-11  9.68E-06
  2380   7.93E+02  3.33E-01  0.00E+00  7.56E-07  1.00E+00  4.08E-05  9.35E-11  9.67E-06
  2390   7.97E+02  3.33E-01  0.00E+00  7.55E-07  1.00E+00  4.08E-05  9.34E-11  9.67E-06
  2400   8.00E+02  3.33E-01  0.00E+00  7.54E-07  1.00E+00  4.07E-05  9.33E-11  9.66E-06
